Running device=cpu strategy=radix-shared num_prompts=2 ...
{"device": "cpu", "strategy": "radix-shared", "num_prompts": 2, "prefix_len": 64, "suffix_len": 16, "output_len": 16, "repeats": 5, "mean_ms": 462.78739659974235, "std_ms": 18.93128632221465, "min_ms": 436.1418230000709, "max_ms": 481.64630999963265, "cpu_peak_rss_mb": 985.93359375}
Running device=cpu strategy=radix-shared num_prompts=4 ...
{"device": "cpu", "strategy": "radix-shared", "num_prompts": 4, "prefix_len": 64, "suffix_len": 16, "output_len": 16, "repeats": 5, "mean_ms": 1008.4152062001522, "std_ms": 18.54568716107164, "min_ms": 984.8608900010731, "max_ms": 1031.5313129995047, "cpu_peak_rss_mb": 985.62890625}
Running device=cpu strategy=radix-shared num_prompts=8 ...
{"device": "cpu", "strategy": "radix-shared", "num_prompts": 8, "prefix_len": 64, "suffix_len": 16, "output_len": 16, "repeats": 5, "mean_ms": 1771.554565599945, "std_ms": 32.714212079872595, "min_ms": 1729.0383460003795, "max_ms": 1815.9343220013398, "cpu_peak_rss_mb": 985.95703125}
Running device=cpu strategy=independent num_prompts=2 ...
{"device": "cpu", "strategy": "independent", "num_prompts": 2, "prefix_len": 64, "suffix_len": 16, "output_len": 16, "repeats": 5, "mean_ms": 530.2164848002576, "std_ms": 10.910850716126046, "min_ms": 521.4056269996945, "max_ms": 546.4271850014484, "cpu_peak_rss_mb": 985.96484375}
Running device=cpu strategy=independent num_prompts=4 ...
{"device": "cpu", "strategy": "independent", "num_prompts": 4, "prefix_len": 64, "suffix_len": 16, "output_len": 16, "repeats": 5, "mean_ms": 1011.8701536001026, "std_ms": 48.900217713244565, "min_ms": 970.03389999918, "max_ms": 1087.9529859994364, "cpu_peak_rss_mb": 985.72265625}
Running device=cpu strategy=independent num_prompts=8 ...
{"device": "cpu", "strategy": "independent", "num_prompts": 8, "prefix_len": 64, "suffix_len": 16, "output_len": 16, "repeats": 5, "mean_ms": 1927.0651974005887, "std_ms": 13.974045835778748, "min_ms": 1910.400163000304, "max_ms": 1944.3671330009238, "cpu_peak_rss_mb": 985.82421875}
Running device=cuda strategy=radix-shared num_prompts=2 ...
{"device": "cuda", "strategy": "radix-shared", "num_prompts": 2, "prefix_len": 64, "suffix_len": 16, "output_len": 16, "repeats": 5, "mean_ms": 162.7722149991314, "std_ms": 5.305882595772165, "min_ms": 158.25845599829336, "max_ms": 169.5330999991711, "cuda_peak_alloc_mb": 510.49951171875, "cuda_peak_reserved_mb": 560.0}
Running device=cuda strategy=radix-shared num_prompts=4 ...
{"device": "cuda", "strategy": "radix-shared", "num_prompts": 4, "prefix_len": 64, "suffix_len": 16, "output_len": 16, "repeats": 5, "mean_ms": 324.14782299965736, "std_ms": 22.16356615970156, "min_ms": 307.2469299986551, "max_ms": 361.5165480005089, "cuda_peak_alloc_mb": 521.74951171875, "cuda_peak_reserved_mb": 572.0}
Running device=cuda strategy=radix-shared num_prompts=8 ...
{"device": "cuda", "strategy": "radix-shared", "num_prompts": 8, "prefix_len": 64, "suffix_len": 16, "output_len": 16, "repeats": 5, "mean_ms": 665.2172924001206, "std_ms": 59.12608038889692, "min_ms": 621.5406080009416, "max_ms": 768.768182999338, "cuda_peak_alloc_mb": 544.24951171875, "cuda_peak_reserved_mb": 596.0}
Running device=cuda strategy=independent num_prompts=2 ...
{"device": "cuda", "strategy": "independent", "num_prompts": 2, "prefix_len": 64, "suffix_len": 16, "output_len": 16, "repeats": 5, "mean_ms": 158.01542159933888, "std_ms": 6.030321467216425, "min_ms": 151.21906099921034, "max_ms": 165.44354799952998, "cuda_peak_alloc_mb": 495.9970703125, "cuda_peak_reserved_mb": 544.0}
Running device=cuda strategy=independent num_prompts=4 ...
{"device": "cuda", "strategy": "independent", "num_prompts": 4, "prefix_len": 64, "suffix_len": 16, "output_len": 16, "repeats": 5, "mean_ms": 329.9309023997921, "std_ms": 21.463621277703076, "min_ms": 301.2412869993568, "max_ms": 348.40465399975074, "cuda_peak_alloc_mb": 495.9970703125, "cuda_peak_reserved_mb": 544.0}
Running device=cuda strategy=independent num_prompts=8 ...
{"device": "cuda", "strategy": "independent", "num_prompts": 8, "prefix_len": 64, "suffix_len": 16, "output_len": 16, "repeats": 5, "mean_ms": 684.1230384001392, "std_ms": 48.080218157770254, "min_ms": 636.8549969993182, "max_ms": 741.1981060013204, "cuda_peak_alloc_mb": 495.9970703125, "cuda_peak_reserved_mb": 544.0}

Saved 12 results to bench_radix_results.json
