Running device=cpu use_cache=False input_len=32 output_len=32 ...
{"device": "cpu", "use_cache": false, "input_len": 32, "output_len": 32, "repeats": 5, "mean_ms": 1059.7008460001234, "std_ms": 22.928332934258513, "min_ms": 1030.4967060001218, "max_ms": 1082.7915930003655, "cpu_peak_rss_mb": 985.5703125}
Running device=cpu use_cache=False input_len=32 output_len=64 ...
{"device": "cpu", "use_cache": false, "input_len": 32, "output_len": 64, "repeats": 5, "mean_ms": 2604.1083667994826, "std_ms": 27.764268325377564, "min_ms": 2571.130877999167, "max_ms": 2633.8284049998038, "cpu_peak_rss_mb": 985.203125}
Running device=cpu use_cache=False input_len=128 output_len=32 ...
{"device": "cpu", "use_cache": false, "input_len": 128, "output_len": 32, "repeats": 5, "mean_ms": 2631.879459600168, "std_ms": 43.26670119160152, "min_ms": 2586.2708680015203, "max_ms": 2682.8415439995297, "cpu_peak_rss_mb": 985.58984375}
Running device=cpu use_cache=False input_len=128 output_len=64 ...
{"device": "cpu", "use_cache": false, "input_len": 128, "output_len": 64, "repeats": 5, "mean_ms": 5581.52820059986, "std_ms": 101.54669861637007, "min_ms": 5421.215807999033, "max_ms": 5661.428916000659, "cpu_peak_rss_mb": 985.55078125}
Running device=cpu use_cache=False input_len=256 output_len=32 ...
{"device": "cpu", "use_cache": false, "input_len": 256, "output_len": 32, "repeats": 5, "mean_ms": 4779.5932135999465, "std_ms": 62.51398030408184, "min_ms": 4698.532025999157, "max_ms": 4854.8813609995705, "cpu_peak_rss_mb": 985.66796875}
Running device=cpu use_cache=False input_len=256 output_len=64 ...
{"device": "cpu", "use_cache": false, "input_len": 256, "output_len": 64, "repeats": 5, "mean_ms": 9922.288262800066, "std_ms": 37.58577983563744, "min_ms": 9893.62664500004, "max_ms": 9987.665913000455, "cpu_peak_rss_mb": 985.69140625}
Running device=cpu use_cache=True input_len=32 output_len=32 ...
{"device": "cpu", "use_cache": true, "input_len": 32, "output_len": 32, "repeats": 5, "mean_ms": 435.1283389998571, "std_ms": 18.292845619373384, "min_ms": 416.20102299930295, "max_ms": 461.43656599997485, "cpu_peak_rss_mb": 985.58203125}
Running device=cpu use_cache=True input_len=32 output_len=64 ...
{"device": "cpu", "use_cache": true, "input_len": 32, "output_len": 64, "repeats": 5, "mean_ms": 826.8490073995054, "std_ms": 9.558599864028851, "min_ms": 813.2831990005798, "max_ms": 836.7416389992286, "cpu_peak_rss_mb": 985.58203125}
Running device=cpu use_cache=True input_len=128 output_len=32 ...
{"device": "cpu", "use_cache": true, "input_len": 128, "output_len": 32, "repeats": 5, "mean_ms": 485.6058376000874, "std_ms": 16.48940251804167, "min_ms": 460.8348029996705, "max_ms": 502.7280710000923, "cpu_peak_rss_mb": 985.80078125}
Running device=cpu use_cache=True input_len=128 output_len=64 ...
{"device": "cpu", "use_cache": true, "input_len": 128, "output_len": 64, "repeats": 5, "mean_ms": 905.27488000007, "std_ms": 13.857543333142916, "min_ms": 890.526459999819, "max_ms": 924.5556020014192, "cpu_peak_rss_mb": 985.69921875}
Running device=cpu use_cache=True input_len=256 output_len=32 ...
{"device": "cpu", "use_cache": true, "input_len": 256, "output_len": 32, "repeats": 5, "mean_ms": 565.8742974002962, "std_ms": 11.357070980151368, "min_ms": 549.403170000005, "max_ms": 576.4436890003708, "cpu_peak_rss_mb": 985.57421875}
Running device=cpu use_cache=True input_len=256 output_len=64 ...
{"device": "cpu", "use_cache": true, "input_len": 256, "output_len": 64, "repeats": 5, "mean_ms": 1009.377220999886, "std_ms": 11.189412570812705, "min_ms": 1000.0878540013218, "max_ms": 1028.525052999612, "cpu_peak_rss_mb": 985.66796875}
Running device=cuda use_cache=False input_len=32 output_len=32 ...
{"device": "cuda", "use_cache": false, "input_len": 32, "output_len": 32, "repeats": 5, "mean_ms": 197.2060785996291, "std_ms": 3.204208024910959, "min_ms": 194.29937499990046, "max_ms": 202.03371199932008, "cuda_peak_alloc_mb": 487.25244140625, "cuda_peak_reserved_mb": 534.0}
Running device=cuda use_cache=False input_len=32 output_len=64 ...
{"device": "cuda", "use_cache": false, "input_len": 32, "output_len": 64, "repeats": 5, "mean_ms": 431.3604906001274, "std_ms": 2.845919005290958, "min_ms": 428.8067770012276, "max_ms": 435.38109899964184, "cuda_peak_alloc_mb": 489.07763671875, "cuda_peak_reserved_mb": 534.0}
Running device=cuda use_cache=False input_len=128 output_len=32 ...
{"device": "cuda", "use_cache": false, "input_len": 128, "output_len": 32, "repeats": 5, "mean_ms": 340.4448964000039, "std_ms": 6.826717863144776, "min_ms": 335.51464500123984, "max_ms": 352.17683799965016, "cuda_peak_alloc_mb": 490.73828125, "cuda_peak_reserved_mb": 534.0}
Running device=cuda use_cache=False input_len=128 output_len=64 ...
{"device": "cuda", "use_cache": false, "input_len": 128, "output_len": 64, "repeats": 5, "mean_ms": 669.0437630000815, "std_ms": 0.5950548076991888, "min_ms": 668.2396690011956, "max_ms": 669.9110879999353, "cuda_peak_alloc_mb": 491.68359375, "cuda_peak_reserved_mb": 534.0}
Running device=cuda use_cache=False input_len=256 output_len=32 ...
{"device": "cuda", "use_cache": false, "input_len": 256, "output_len": 32, "repeats": 5, "mean_ms": 523.3683657996153, "std_ms": 1.4018999772377598, "min_ms": 521.6859339998337, "max_ms": 524.9039020000055, "cuda_peak_alloc_mb": 494.7177734375, "cuda_peak_reserved_mb": 536.0}
Running device=cuda use_cache=False input_len=256 output_len=64 ...
{"device": "cuda", "use_cache": false, "input_len": 256, "output_len": 64, "repeats": 5, "mean_ms": 1080.7662884002639, "std_ms": 1.316366765985464, "min_ms": 1078.9618769995286, "max_ms": 1082.3603440003353, "cuda_peak_alloc_mb": 495.9365234375, "cuda_peak_reserved_mb": 536.0}
Running device=cuda use_cache=True input_len=32 output_len=32 ...
{"device": "cuda", "use_cache": true, "input_len": 32, "output_len": 32, "repeats": 5, "mean_ms": 174.3847112004005, "std_ms": 7.328194280533801, "min_ms": 165.77356600100757, "max_ms": 184.14247500004421, "cuda_peak_alloc_mb": 489.8662109375, "cuda_peak_reserved_mb": 536.0}
Running device=cuda use_cache=True input_len=32 output_len=64 ...
{"device": "cuda", "use_cache": true, "input_len": 32, "output_len": 64, "repeats": 5, "mean_ms": 302.9946602000564, "std_ms": 10.598361838186083, "min_ms": 291.24732600030256, "max_ms": 320.09341699995275, "cuda_peak_alloc_mb": 492.11669921875, "cuda_peak_reserved_mb": 540.0}
Running device=cuda use_cache=True input_len=128 output_len=32 ...
{"device": "cuda", "use_cache": true, "input_len": 128, "output_len": 32, "repeats": 5, "mean_ms": 173.8942230000248, "std_ms": 4.76527500887526, "min_ms": 168.88307000044733, "max_ms": 180.17560900079843, "cuda_peak_alloc_mb": 513.33984375, "cuda_peak_reserved_mb": 546.0}
Running device=cuda use_cache=True input_len=128 output_len=64 ...
{"device": "cuda", "use_cache": true, "input_len": 128, "output_len": 64, "repeats": 5, "mean_ms": 325.28200399974594, "std_ms": 18.316899548032303, "min_ms": 314.76273699991, "max_ms": 357.93497399936314, "cuda_peak_alloc_mb": 513.33984375, "cuda_peak_reserved_mb": 550.0}
Running device=cuda use_cache=True input_len=256 output_len=32 ...
{"device": "cuda", "use_cache": true, "input_len": 256, "output_len": 32, "repeats": 5, "mean_ms": 185.9658967998257, "std_ms": 15.426583956623308, "min_ms": 175.35370100085856, "max_ms": 212.58799199858913, "cuda_peak_alloc_mb": 520.966796875, "cuda_peak_reserved_mb": 598.0}
Running device=cuda use_cache=True input_len=256 output_len=64 ...
{"device": "cuda", "use_cache": true, "input_len": 256, "output_len": 64, "repeats": 5, "mean_ms": 340.37373319988546, "std_ms": 12.126294327000418, "min_ms": 328.8540350004041, "max_ms": 358.15022099995986, "cuda_peak_alloc_mb": 520.966796875, "cuda_peak_reserved_mb": 600.0}

Saved 24 results to bench_kv_cache_results.json
